
> rest-express@1.0.0 build
> astro build

09:34:37 [@astrojs/node] Enabling sessions with filesystem storage
09:34:38 [vite] Re-optimizing dependencies because vite config has changed
09:34:38 [content] Syncing content
09:34:38 [content] Synced content
09:34:38 [types] Generated 859ms
09:34:38 [build] output: "static"
09:34:38 [build] mode: "server"
09:34:38 [build] directory: /home/runner/workspace/dist/
09:34:38 [build] adapter: @astrojs/node
09:34:38 [build] Collecting build info...
09:34:38 [build] ✓ Completed in 1.18s.
09:34:38 [build] Building server entrypoints...
09:35:43 [WARN] [vite] "gt" is imported from external module "drizzle-orm" but never used in "src/pages/api/admin/login.ts" and "src/pages/api/admin/messages.ts".
09:35:44 [vite] ✓ built in 1m 5s
09:35:44 [build] ✓ Completed in 65.32s.

 building client (vite) 
09:35:44 [vite] transforming...
09:35:53 [vite] ✓ 2184 modules transformed.
09:35:53 [vite] rendering chunks...
09:35:54 [vite] computing gzip size...
09:35:54 [vite] dist/client/_astro/Map.CIGW-MKW.css               15.61 kB │ gzip:  6.46 kB
09:35:54 [vite] dist/client/_astro/ContactForm.DZLuVOCS.js         0.14 kB │ gzip:  0.13 kB
09:35:54 [vite] dist/client/_astro/jsx-runtime.D_zvdyIk.js         0.73 kB │ gzip:  0.46 kB
09:35:54 [vite] dist/client/_astro/index.BL2HOGcR.js               3.89 kB │ gzip:  1.52 kB
09:35:54 [vite] dist/client/_astro/ContactForm.dSjNdqZl.js         5.40 kB │ gzip:  1.98 kB
09:35:54 [vite] dist/client/_astro/index.7in8nkh5.js               7.98 kB │ gzip:  3.11 kB
09:35:54 [vite] dist/client/_astro/ProjekteGallery.D0LiWdX-.js     8.13 kB │ gzip:  2.47 kB
09:35:54 [vite] dist/client/_astro/AdminPanel.jfDTtBxI.js          9.00 kB │ gzip:  2.88 kB
09:35:54 [vite] dist/client/_astro/AnimatedGlobe.hjyOfIfx.js       9.07 kB │ gzip:  2.87 kB
09:35:54 [vite] dist/client/_astro/Navbar.CgGAxZ7n.js             14.49 kB │ gzip:  4.50 kB
09:35:54 [vite] dist/client/_astro/LiquidDistortion.CWfs0-j3.js   60.33 kB │ gzip: 17.00 kB
09:35:54 [vite] dist/client/_astro/proxy.DTdvDQjZ.js             112.15 kB │ gzip: 36.82 kB
09:35:54 [vite] dist/client/_astro/Map.Dukma8Qt.js               154.96 kB │ gzip: 45.31 kB
09:35:54 [vite] dist/client/_astro/client.qQeDOstP.js            182.74 kB │ gzip: 57.51 kB
09:35:54 [vite] ✓ built in 9.91s

 prerendering static routes 
09:35:56 ▶ src/pages/404.astro
09:35:56   └─ /404.html (+30ms) 
09:35:56 ▶ src/pages/branchen/bildung.astro
09:35:56   └─ /branchen/bildung/index.html (+29ms) 
09:35:56 ▶ src/pages/branchen/energiewende-h2-batterie.astro
09:35:56   └─ /branchen/energiewende-h2-batterie/index.html (+11ms) 
09:35:56 ▶ src/pages/branchen/forschung-hochschule.astro
09:35:56   └─ /branchen/forschung-hochschule/index.html (+9ms) 
09:35:56 ▶ src/pages/branchen/industrie-werkstoffpruefung.astro
09:35:56   └─ /branchen/industrie-werkstoffpruefung/index.html (+9ms) 
09:35:56 ▶ src/pages/branchen/pharma-biotech.astro
09:35:56   └─ /branchen/pharma-biotech/index.html (+16ms) 
09:35:56 ▶ src/pages/branchen/public-health-krisenvorsorge.astro
09:35:56   └─ /branchen/public-health-krisenvorsorge/index.html (+9ms) 
09:35:56 ▶ src/pages/branchen/index.astro
09:35:56   └─ /branchen/index.html (+9ms) 
09:35:56 ▶ src/pages/datenschutz.astro
09:35:56   └─ /datenschutz/index.html (+6ms) 
09:35:56 ▶ src/pages/impressum.astro
09:35:56   └─ /impressum/index.html (+6ms) 
09:35:56 ▶ src/pages/kontakt.astro
09:35:56   └─ /kontakt/index.html (+9ms) 
09:35:56 ▶ src/pages/laborcontainer/labtogo.astro
09:35:56   └─ /laborcontainer/labtogo/index.html (+13ms) 
09:35:56 ▶ src/pages/laborcontainer/index.astro
09:35:56   └─ /laborcontainer/index.html (+8ms) 
09:35:56 ▶ src/pages/laborcontainer-basel.astro
09:35:56   └─ /laborcontainer-basel/index.html (+9ms) 
09:35:56 ▶ src/pages/laborcontainer-berlin.astro
09:35:56   └─ /laborcontainer-berlin/index.html (+9ms) 
09:35:56 ▶ src/pages/laborcontainer-bern.astro
09:35:56   └─ /laborcontainer-bern/index.html (+8ms) 
09:35:56 ▶ src/pages/laborcontainer-duesseldorf.astro
09:35:56   └─ /laborcontainer-duesseldorf/index.html (+8ms) 
09:35:56 ▶ src/pages/laborcontainer-frankfurt.astro
09:35:56   └─ /laborcontainer-frankfurt/index.html (+8ms) 
09:35:56 ▶ src/pages/laborcontainer-graz.astro
09:35:56   └─ /laborcontainer-graz/index.html (+7ms) 
09:35:56 ▶ src/pages/laborcontainer-hamburg.astro
09:35:56   └─ /laborcontainer-hamburg/index.html (+8ms) 
09:35:56 ▶ src/pages/laborcontainer-linz.astro
09:35:56   └─ /laborcontainer-linz/index.html (+7ms) 
09:35:56 ▶ src/pages/laborcontainer-muenchen.astro
09:35:56   └─ /laborcontainer-muenchen/index.html (+12ms) 
09:35:56 ▶ src/pages/laborcontainer-stuttgart.astro
09:35:56   └─ /laborcontainer-stuttgart/index.html (+7ms) 
09:35:56 ▶ src/pages/laborcontainer-wien.astro
09:35:56   └─ /laborcontainer-wien/index.html (+7ms) 
09:35:56 ▶ src/pages/laborcontainer-zuerich.astro
09:35:56   └─ /laborcontainer-zuerich/index.html (+7ms) 
09:35:56 ▶ src/pages/leistungen/ausstattung.astro
09:35:56   └─ /leistungen/ausstattung/index.html (+8ms) 
09:35:56 ▶ src/pages/leistungen/beratung.astro
09:35:56   └─ /leistungen/beratung/index.html (+7ms) 
09:35:56 ▶ src/pages/leistungen/logistik.astro
09:35:56   └─ /leistungen/logistik/index.html (+6ms) 
09:35:56 ▶ src/pages/leistungen/modulbau.astro
09:35:56   └─ /leistungen/modulbau/index.html (+6ms) 
09:35:56 ▶ src/pages/leistungen/planung.astro
09:35:56   └─ /leistungen/planung/index.html (+9ms) 
09:35:56 ▶ src/pages/leistungen/smart-lab.astro
09:35:56   └─ /leistungen/smart-lab/index.html (+6ms) 
09:35:56 ▶ src/pages/leistungen/index.astro
09:35:56   └─ /leistungen/index.html (+6ms) 
09:35:56 ▶ src/pages/magazin/analytica-2026-rueckblick-labtogo-premiere.astro
09:35:56   └─ /magazin/analytica-2026-rueckblick-labtogo-premiere/index.html (+8ms) 
09:35:56 ▶ src/pages/magazin/bsl-2-bsl-3-container-labor.astro
09:35:56   └─ /magazin/bsl-2-bsl-3-container-labor/index.html (+5ms) 
09:35:57 ▶ src/pages/magazin/gmp-reinraum-container-pharma-produktion.astro
09:35:57   └─ /magazin/gmp-reinraum-container-pharma-produktion/index.html (+5ms) 
09:35:57 ▶ src/pages/magazin/innovation-modulbau-zukunft-mobiles-labor.astro
09:35:57   └─ /magazin/innovation-modulbau-zukunft-mobiles-labor/index.html (+5ms) 
09:35:57 ▶ src/pages/magazin/laborcontainer-aufstellung-bodenplatte-statik.astro
09:35:57   └─ /magazin/laborcontainer-aufstellung-bodenplatte-statik/index.html (+5ms) 
09:35:57 ▶ src/pages/magazin/laborcontainer-ausstattung-checkliste.astro
09:35:57   └─ /magazin/laborcontainer-ausstattung-checkliste/index.html (+13ms) 
09:35:57 ▶ src/pages/magazin/laborcontainer-baustelle-materialpruefung.astro
09:35:57   └─ /magazin/laborcontainer-baustelle-materialpruefung/index.html (+7ms) 
09:35:57 ▶ src/pages/magazin/laborcontainer-brandschutz-feuerwiderstand.astro
09:35:57   └─ /magazin/laborcontainer-brandschutz-feuerwiderstand/index.html (+6ms) 
09:35:57 ▶ src/pages/magazin/laborcontainer-digitalisierung-lims-iot-remote-monitoring.astro
09:35:57   └─ /magazin/laborcontainer-digitalisierung-lims-iot-remote-monitoring/index.html (+5ms) 
09:35:57 ▶ src/pages/magazin/laborcontainer-energiewende-h2-batterie-ex-schutz.astro
09:35:57   └─ /magazin/laborcontainer-energiewende-h2-batterie-ex-schutz/index.html (+5ms) 
09:35:57 ▶ src/pages/magazin/laborcontainer-genehmigung-baurecht-vorschriften.astro
09:35:57   └─ /magazin/laborcontainer-genehmigung-baurecht-vorschriften/index.html (+7ms) 
09:35:57 ▶ src/pages/magazin/laborcontainer-katastropheneinsatz-krisenreaktion.astro
09:35:57   └─ /magazin/laborcontainer-katastropheneinsatz-krisenreaktion/index.html (+7ms) 
09:35:57 ▶ src/pages/magazin/laborcontainer-klimatisierung-lueftung-normen.astro
09:35:57   └─ /magazin/laborcontainer-klimatisierung-lueftung-normen/index.html (+7ms) 
09:35:57 ▶ src/pages/magazin/laborcontainer-kosten-preise-2026.astro
09:35:57   └─ /magazin/laborcontainer-kosten-preise-2026/index.html (+12ms) 
09:35:57 ▶ src/pages/magazin/laborcontainer-laborabzug-din-en-14175.astro
09:35:57   └─ /magazin/laborcontainer-laborabzug-din-en-14175/index.html (+6ms) 
09:35:57 ▶ src/pages/magazin/laborcontainer-mieten-oder-kaufen.astro
09:35:57   └─ /magazin/laborcontainer-mieten-oder-kaufen/index.html (+6ms) 
09:35:57 ▶ src/pages/magazin/laborcontainer-projektablauf-von-idee-bis-uebergabe.astro
09:35:57   └─ /magazin/laborcontainer-projektablauf-von-idee-bis-uebergabe/index.html (+6ms) 
09:35:57 ▶ src/pages/magazin/nachhaltigkeit-laborbau-energieeffizienz.astro
09:35:57   └─ /magazin/nachhaltigkeit-laborbau-energieeffizienz/index.html (+6ms) 
09:35:57 ▶ src/pages/magazin/planexus-analytica-2026-muenchen.astro
09:35:57   └─ /magazin/planexus-analytica-2026-muenchen/index.html (+7ms) 
09:35:57 ▶ src/pages/magazin/uebergangslabor-sanierung-mietcontainer.astro
09:35:57   └─ /magazin/uebergangslabor-sanierung-mietcontainer/index.html (+6ms) 
09:35:57 ▶ src/pages/magazin.astro
09:35:57   └─ /magazin/index.html (+7ms) 
09:35:57 ▶ src/pages/partner.astro
09:35:57   └─ /partner/index.html (+13ms) 
09:35:57 ▶ src/pages/projekte.astro
09:35:57   └─ /projekte/index.html (+8ms) 
09:35:57 ▶ src/pages/team/sven-biewald.astro
09:35:57   └─ /team/sven-biewald/index.html (+6ms) 
09:35:57 ▶ src/pages/team/thomas-boss.astro
09:35:57   └─ /team/thomas-boss/index.html (+8ms) 
09:35:57 ▶ src/pages/team.astro
09:35:57   └─ /team/index.html (+5ms) 
09:35:57 ▶ src/pages/ueber-uns/auszeichnungen.astro
09:35:57   └─ /ueber-uns/auszeichnungen/index.html (+27ms) 
09:35:57 ▶ src/pages/ueber-uns.astro
09:35:57   └─ /ueber-uns/index.html (+9ms) 
09:35:57 ▶ src/pages/index.astro
09:35:57   └─ /index.html (+10ms) 
09:35:57 ✓ Completed in 3.81s.

09:35:57 [build] Rearranging server assets...
09:36:03 [build] Waiting for integration "@astrojs/sitemap", hook "astro:build:done"...
09:36:03 [@astrojs/sitemap] `sitemap-index.xml` created at `dist/client`
09:36:03 [build] Server built in 86.00s
09:36:03 [build] Complete!
